// Jest Snapshot v1, https://goo.gl/fbAQLP

exports[`<Compo /> should render 1`] = `
<div>
  Hello World
</div>
`;
