// Jest Snapshot v1, https://goo.gl/fbAQLP

exports[`<Layout /> should render 1`] = `
<div>
  <SideEffect(Head)>
    <title>
      Sample nextjs App
    </title>
    <link
      crossOrigin="anonymous"
      href="https://stackpath.bootstrapcdn.com/bootstrap/4.1.1/css/bootstrap.min.css"
      integrity="sha384-WskhaSGFgHYWDcbwN70/dfYBj47jz9qbsMId/iRN3ewGhXQFZCSftd1LZCfmhktB"
      rel="stylesheet"
    />
  </SideEffect(Head)>
  <Navbar />
  <div
    className="container"
  />
</div>
`;
