// Jest Snapshot v1, https://goo.gl/fbAQLP

exports[`<Navbar /> should render 1`] = `
<nav
  className="navbar navbar-expand navbar-dark bg-dark mb-4"
>
  <div
    className="container"
  >
    <a
      className="navbar-brand"
      href="#"
    >
      BitzPrice
    </a>
    <div
      className="collapse navbar-collapse"
    >
      <ul
        className="navbar-nav ml-auto"
      >
        <li
          className="nav-item"
        >
          <Link
            href="/"
          >
            <a
              className="nav-link"
            >
              Home
            </a>
          </Link>
        </li>
        <li
          className="nav-item"
        >
          <Link
            href="/about"
          >
            <a
              className="nav-link"
            >
              About
            </a>
          </Link>
        </li>
      </ul>
    </div>
  </div>
</nav>
`;
